A 578.8454967803924 471.28062491644283
B 214.40363480917293 177.649498332167
C 650.9165809691995 8.84915231337201
